// Jest Snapshot v1, https://goo.gl/fbAQLP

exports[`TEST SEARCH PAGE it should render search page 1`] = `ShallowWrapper {}`;

exports[`TEST SEARCH PAGE it should render search page 2`] = `ShallowWrapper {}`;
