// Jest Snapshot v1, https://goo.gl/fbAQLP

exports[`test for social media sharing tests should render the \`SocialMedia\` component 1`] = `ShallowWrapper {}`;
