// Jest Snapshot v1, https://goo.gl/fbAQLP

exports[`<AccountInfo /> renders without crashing 1`] = `ShallowWrapper {}`;

exports[`<AccountInfo /> renders without crashing 2`] = `ShallowWrapper {}`;
