// Jest Snapshot v1, https://goo.gl/fbAQLP

exports[`TEST READ ARTICLE STATS it should render 1`] = `ShallowWrapper {}`;
