// Jest Snapshot v1, https://goo.gl/fbAQLP

exports[`TEST COMMENT FORM should render a comment form 1`] = `undefined`;
