// Jest Snapshot v1, https://goo.gl/fbAQLP

exports[`<Form/> Should render <Form/> without crashing 1`] = `ShallowWrapper {}`;
