// Jest Snapshot v1, https://goo.gl/fbAQLP

exports[`Test Homebody Component Should render HomeBody without crashing 1`] = `ShallowWrapper {}`;
