// Jest Snapshot v1, https://goo.gl/fbAQLP

exports[`<HomeNavBar/> Should render navbar with user logged in 1`] = `undefined`;
