// Jest Snapshot v1, https://goo.gl/fbAQLP

exports[`test Home page should test if the component renders when both localstorage token and query parameters are not provided 1`] = `ShallowWrapper {}`;
