// Jest Snapshot v1, https://goo.gl/fbAQLP

exports[`<Input/> Should render <Input/> without crashing 1`] = `ShallowWrapper {}`;
