// Jest Snapshot v1, https://goo.gl/fbAQLP

exports[`TEST LOGOUT COMPONENT it should logout user 1`] = `ShallowWrapper {}`;
