// Jest Snapshot v1, https://goo.gl/fbAQLP

exports[` Test <Notifications/> should render <Notifications/> 1`] = `ShallowWrapper {}`;
