// Jest Snapshot v1, https://goo.gl/fbAQLP

exports[`Should render notfound components should render not found component 1`] = `ShallowWrapper {}`;
