// Jest Snapshot v1, https://goo.gl/fbAQLP

exports[` Test <Layout/> render <Layout/> without crashing 1`] = `ShallowWrapper {}`;
