// Jest Snapshot v1, https://goo.gl/fbAQLP

exports[`<ReportedArticles/> should render without crashing... 1`] = `ShallowWrapper {}`;
