// Jest Snapshot v1, https://goo.gl/fbAQLP

exports[`should test report form should render report form 1`] = `ShallowWrapper {}`;

exports[`should test report form should render report form 2`] = `ShallowWrapper {}`;
