// Jest Snapshot v1, https://goo.gl/fbAQLP

exports[`Should be able to process different app routes should render routes 1`] = `ShallowWrapper {}`;
