// Jest Snapshot v1, https://goo.gl/fbAQLP

exports[`\`routes.js\` should render 1`] = `ShallowWrapper {}`;
