// Jest Snapshot v1, https://goo.gl/fbAQLP

exports[`TEST SEARCH FORM Should render search Form 1`] = `ShallowWrapper {}`;
