// Jest Snapshot v1, https://goo.gl/fbAQLP

exports[`<Signup/> Should render <Signup/> without crashing 1`] = `ShallowWrapper {}`;
