// Jest Snapshot v1, https://goo.gl/fbAQLP

exports[`TEST USER ARTICLE it should render user article component 1`] = `ShallowWrapper {}`;
