// Jest Snapshot v1, https://goo.gl/fbAQLP

exports[`BookmarkButton.jsx should render 1`] = `ShallowWrapper {}`;

exports[`BookmarkButton.jsx should render 2`] = `ShallowWrapper {}`;
