// Jest Snapshot v1, https://goo.gl/fbAQLP

exports[`\`FollowButton.jsx\` should render 1`] = `ShallowWrapper {}`;
