// Jest Snapshot v1, https://goo.gl/fbAQLP

exports[`\`InputForm.jsx\` should render 1`] = `ShallowWrapper {}`;
