// Jest Snapshot v1, https://goo.gl/fbAQLP

exports[`\`Notification.jsx\` should render 1`] = `ShallowWrapper {}`;
