// Jest Snapshot v1, https://goo.gl/fbAQLP

exports[`Test Upload Image Model should render upload Image form 1`] = `ShallowWrapper {}`;
