// Jest Snapshot v1, https://goo.gl/fbAQLP

exports[`test for \`ReadArticle\` component should render the \`ReadArticle\` component 1`] = `ShallowWrapper {}`;
