// Jest Snapshot v1, https://goo.gl/fbAQLP

exports[`\`editHistory.jsx\` should render 1`] = `ShallowWrapper {}`;
