// Jest Snapshot v1, https://goo.gl/fbAQLP

exports[`\`ForgotPassword.jsx\` should render 1`] = `ShallowWrapper {}`;
