// Jest Snapshot v1, https://goo.gl/fbAQLP

exports[`\`Index.jsx\` should render 1`] = `ShallowWrapper {}`;
