// Jest Snapshot v1, https://goo.gl/fbAQLP

exports[`\`login.jsx\` should render 1`] = `ReactWrapper {}`;

exports[`\`login.jsx\` should render 2`] = `ReactWrapper {}`;
