// Jest Snapshot v1, https://goo.gl/fbAQLP

exports[`Rate.jsx should be rendered 1`] = `ReactWrapper {}`;
