// Jest Snapshot v1, https://goo.gl/fbAQLP

exports[`\`resetpassword.jsx\` should render 1`] = `ShallowWrapper {}`;
