// Jest Snapshot v1, https://goo.gl/fbAQLP

exports[`\`Settings.jsx\` should render 1`] = `ShallowWrapper {}`;
